TEST_MODE=quick: command not found
